Reusing configuration cache.
> Task :generateModMetadata UP-TO-DATE
> Task :createMinecraftArtifacts UP-TO-DATE
> Task :processResources UP-TO-DATE

> Task :compileJava FAILED
.\gradlew.bat : C:\Users\denni\IdeaProjects\Oriri_Neoforge\src\main\java\net\ga
nyusbathwater\oririmod\datagen\ModRecipeProvider.java:374: Fehler: Konstruktor 
MagicEquinoxUpgradeRecipe in Klasse MagicEquinoxUpgradeRecipe kann nicht auf 
die angegebenen Typen angewendet werden.
In Zeile:1 Zeichen:1
+ .\gradlew.bat classes > build_output.txt 2>&1
+ ~~~~~~~~~~~~~~~~~~~~~~~~~~~~~~~~~~~~~~~~~~~~~
    + CategoryInfo          : NotSpecified: (C:\Users\denni\...ewendet werden. 
   :String) [], RemoteException
    + FullyQualifiedErrorId : NativeCommandError
 
                net.ganyusbathwater.oririmod.recipe.MagicEquinoxUpgradeRecipe 
recipe = new net.ganyusbathwater.oririmod.recipe.MagicEquinoxUpgradeRecipe(
                                                                               
        ^
  Erforderlich: Ingredient,Ingredient,Ingredient,Ingredient,Ingredient,Ingredie
nt,ItemStack,int,int
  Ermittelt:    
Ingredient,Ingredient,Ingredient,Ingredient,Ingredient,Ingredient,ItemStack,int
  Grund: Liste der tats├ñchlichen Argumente hat eine andere L├ñnge als die der 
formalen Argumente
1 Fehler

[Incubating] Problems report is available at: file:///C:/Users/denni/IdeaProjects/Oriri_Neoforge/build/reports/problems/problems-report.html

FAILURE: Build failed with an exception.

* What went wrong:
Execution failed for task ':compileJava'.
> Compilation failed; see the compiler output below.
  C:\Users\denni\IdeaProjects\Oriri_Neoforge\src\main\java\net\ganyusbathwater\
oririmod\datagen\ModRecipeProvider.java:374: Fehler: Konstruktor 
MagicEquinoxUpgradeRecipe in Klasse MagicEquinoxUpgradeRecipe kann nicht auf 
die angegebenen Typen angewendet werden.
                  
net.ganyusbathwater.oririmod.recipe.MagicEquinoxUpgradeRecipe recipe = new 
net.ganyusbathwater.oririmod.recipe.MagicEquinoxUpgradeRecipe(
                                                                               
          ^
    Erforderlich: Ingredient,Ingredient,Ingredient,Ingredient,Ingredient,Ingred
ient,ItemStack,int,int
    Ermittelt:    
Ingredient,Ingredient,Ingredient,Ingredient,Ingredient,Ingredient,ItemStack,int
    Grund: Liste der tats├ñchlichen Argumente hat eine andere L├ñnge als die 
der formalen Argumente
  1 Fehler

* Try:
> Check your code and dependencies to fix the compilation error(s)
> Run with --scan to get full insights.

BUILD FAILED in 823ms
4 actionable tasks: 1 executed, 3 up-to-date
Configuration cache entry reused.
