Reusing configuration cache.
> Task :createMinecraftArtifacts UP-TO-DATE

> Task :compileJava FAILED
./gradlew : C:\Users\denni\IdeaProjects\Oriri_Neoforge\src\main\java\net\ganyus
bathwater\oririmod\util\MeteorShowerUtil.java:18: Warnung: [removal] bus() in 
EventBusSubscriber ist veraltet und wurde zum Entfernen markiert
In Zeile:1 Zeichen:1
+ ./gradlew compileJava > build_errors.txt 2>&1
+ ~~~~~~~~~~~~~~~~~~~~~~~~~~~~~~~~~~~~~~~~~~~~~
    + CategoryInfo          : NotSpecified: (C:\Users\denni\...fernen markiert 
   :String) [], RemoteException
    + FullyQualifiedErrorId : NativeCommandError
 
@EventBusSubscriber(modid = "oririmod", bus = EventBusSubscriber.Bus.GAME)
                                        ^
C:\Users\denni\IdeaProjects\Oriri_Neoforge\src\main\java\net\ganyusbathwater\or
irimod\util\MeteorShowerUtil.java:18: Warnung: [removal] Bus in 
EventBusSubscriber ist veraltet und wurde zum Entfernen markiert
@EventBusSubscriber(modid = "oririmod", bus = EventBusSubscriber.Bus.GAME)
                                                                ^
C:\Users\denni\IdeaProjects\Oriri_Neoforge\src\main\java\net\ganyusbathwater\or
irimod\util\RootAttackUtil.java:21: Warnung: [removal] bus() in 
EventBusSubscriber ist veraltet und wurde zum Entfernen markiert
@EventBusSubscriber(modid = "oririmod", bus = EventBusSubscriber.Bus.GAME)
                                        ^
C:\Users\denni\IdeaProjects\Oriri_Neoforge\src\main\java\net\ganyusbathwater\or
irimod\util\RootAttackUtil.java:21: Warnung: [removal] Bus in 
EventBusSubscriber ist veraltet und wurde zum Entfernen markiert
@EventBusSubscriber(modid = "oririmod", bus = EventBusSubscriber.Bus.GAME)
                                                                ^
C:\Users\denni\IdeaProjects\Oriri_Neoforge\src\main\java\net\ganyusbathwater\or
irimod\util\RootAttackUtil.java:95: Fehler: Symbol nicht gefunden
            entity.addEffect(new MobEffectInstance(ModEffects.STUNNED, 60, 0, 
false, true, true));
                                                             ^
  Symbol: Variable STUNNED
  Ort: Klasse ModEffects
Hinweis: C:\Users\denni\IdeaProjects\Oriri_Neoforge\src\main\java\net\ganyusbat
hwater\oririmod\entity\MagicBoltEntity.java verwendet oder ├╝berschreibt eine 
veraltete API.
Hinweis: Wiederholen Sie die Kompilierung mit -Xlint:deprecation, um Details 
zu erhalten.
1 Fehler
4 Warnungen

[Incubating] Problems report is available at: file:///C:/Users/denni/IdeaProjects/Oriri_Neoforge/build/reports/problems/problems-report.html

FAILURE: Build failed with an exception.

* What went wrong:
Execution failed for task ':compileJava'.
> Compilation failed; see the compiler output below.
  Hinweis: C:\Users\denni\IdeaProjects\Oriri_Neoforge\src\main\java\net\ganyusb
athwater\oririmod\entity\MagicBoltEntity.java verwendet oder ├╝berschreibt 
eine veraltete API.
  Hinweis: Wiederholen Sie die Kompilierung mit -Xlint:deprecation, um Details 
zu erhalten.
  C:\Users\denni\IdeaProjects\Oriri_Neoforge\src\main\java\net\ganyusbathwater\
oririmod\util\RootAttackUtil.java:95: Fehler: Symbol nicht gefunden
              entity.addEffect(new MobEffectInstance(ModEffects.STUNNED, 60, 
0, false, true, true));
                                                               ^
    Symbol: Variable STUNNED
    Ort: Klasse ModEffects
  C:\Users\denni\IdeaProjects\Oriri_Neoforge\src\main\java\net\ganyusbathwater\
oririmod\util\MeteorShowerUtil.java:18: Warnung: [removal] bus() in 
EventBusSubscriber ist veraltet und wurde zum Entfernen markiert
  @EventBusSubscriber(modid = "oririmod", bus = EventBusSubscriber.Bus.GAME)
                                          ^
  C:\Users\denni\IdeaProjects\Oriri_Neoforge\src\main\java\net\ganyusbathwater\
oririmod\util\MeteorShowerUtil.java:18: Warnung: [removal] Bus in 
EventBusSubscriber ist veraltet und wurde zum Entfernen markiert
  @EventBusSubscriber(modid = "oririmod", bus = EventBusSubscriber.Bus.GAME)
                                                                  ^
  C:\Users\denni\IdeaProjects\Oriri_Neoforge\src\main\java\net\ganyusbathwater\
oririmod\util\RootAttackUtil.java:21: Warnung: [removal] bus() in 
EventBusSubscriber ist veraltet und wurde zum Entfernen markiert
  @EventBusSubscriber(modid = "oririmod", bus = EventBusSubscriber.Bus.GAME)
                                          ^
  C:\Users\denni\IdeaProjects\Oriri_Neoforge\src\main\java\net\ganyusbathwater\
oririmod\util\RootAttackUtil.java:21: Warnung: [removal] Bus in 
EventBusSubscriber ist veraltet und wurde zum Entfernen markiert
  @EventBusSubscriber(modid = "oririmod", bus = EventBusSubscriber.Bus.GAME)
                                                                  ^
  1 Fehler
  4 Warnungen

* Try:
> Check your code and dependencies to fix the compilation error(s)
> Run with --scan to get full insights.

BUILD FAILED in 854ms
2 actionable tasks: 1 executed, 1 up-to-date
Configuration cache entry reused.
